[0.014s] Invoking command in '/home/Software_Intro_Task_2026-2027/build/intro_rover_description': CMAKE_PREFIX_PATH=${CMAKE_PREFIX_PATH}:/opt/ros/jazzy /usr/bin/cmake --build /home/Software_Intro_Task_2026-2027/build/intro_rover_description -- -j12 -l12
[0.038s] -- Found ament_cmake: 2.5.6 (/opt/ros/jazzy/share/ament_cmake/cmake)
[0.257s] -- Found urdf: 2.10.1 (/opt/ros/jazzy/share/urdf/cmake)
[0.361s] -- Found TinyXML2 via Config file: /usr/lib/x86_64-linux-gnu/cmake/tinyxml2
[0.365s] -- Found ament_lint_auto: 0.17.5 (/opt/ros/jazzy/share/ament_lint_auto/cmake)
[0.459s] -- Added test 'flake8' to check Python code syntax and style conventions
[0.459s] -- Configured 'flake8' exclude dirs and/or files: 
[0.460s] -- Added test 'lint_cmake' to check CMake code style
[0.460s] -- Added test 'pep257' to check Python code against some of the docstring style conventions in PEP 257
[0.461s] -- Added test 'xmllint' to check XML markup files
[0.462s] -- Configuring done (0.4s)
[0.465s] -- Generating done (0.0s)
[0.467s] -- Build files have been written to: /home/Software_Intro_Task_2026-2027/build/intro_rover_description
[0.491s] Invoked command in '/home/Software_Intro_Task_2026-2027/build/intro_rover_description' returned '0': CMAKE_PREFIX_PATH=${CMAKE_PREFIX_PATH}:/opt/ros/jazzy /usr/bin/cmake --build /home/Software_Intro_Task_2026-2027/build/intro_rover_description -- -j12 -l12
[0.501s] Invoking command in '/home/Software_Intro_Task_2026-2027/build/intro_rover_description': CMAKE_PREFIX_PATH=${CMAKE_PREFIX_PATH}:/opt/ros/jazzy /usr/bin/cmake --install /home/Software_Intro_Task_2026-2027/build/intro_rover_description
[0.508s] -- Install configuration: ""
[0.508s] -- Up-to-date: /home/Software_Intro_Task_2026-2027/install/intro_rover_description/share/intro_rover_description/urdf
[0.508s] -- Up-to-date: /home/Software_Intro_Task_2026-2027/install/intro_rover_description/share/intro_rover_description/urdf/intro_rover_description.urdf
[0.509s] -- Up-to-date: /home/Software_Intro_Task_2026-2027/install/intro_rover_description/share/intro_rover_description/launch
[0.509s] -- Up-to-date: /home/Software_Intro_Task_2026-2027/install/intro_rover_description/share/intro_rover_description/launch/rover_launch.py
[0.509s] -- Installing: /home/Software_Intro_Task_2026-2027/install/intro_rover_description/share/intro_rover_description/meshes
[0.509s] -- Installing: /home/Software_Intro_Task_2026-2027/install/intro_rover_description/share/intro_rover_description/meshes/wrist_pitch_link.STL
[0.514s] -- Installing: /home/Software_Intro_Task_2026-2027/install/intro_rover_description/share/intro_rover_description/meshes/fr_wheel_link.STL
[0.528s] -- Installing: /home/Software_Intro_Task_2026-2027/install/intro_rover_description/share/intro_rover_description/meshes/fl_swerve_yaw_link.STL
[0.531s] -- Installing: /home/Software_Intro_Task_2026-2027/install/intro_rover_description/share/intro_rover_description/meshes/br_swerve_yaw_link.STL
[0.534s] -- Installing: /home/Software_Intro_Task_2026-2027/install/intro_rover_description/share/intro_rover_description/meshes/br_wheel_link.STL
[0.548s] -- Installing: /home/Software_Intro_Task_2026-2027/install/intro_rover_description/share/intro_rover_description/meshes/elbow_pitch_link.STL
[0.561s] -- Installing: /home/Software_Intro_Task_2026-2027/install/intro_rover_description/share/intro_rover_description/meshes/wrist_roll_link.STL
[0.572s] -- Installing: /home/Software_Intro_Task_2026-2027/install/intro_rover_description/share/intro_rover_description/meshes/fl_wheel_link.STL
[0.585s] -- Installing: /home/Software_Intro_Task_2026-2027/install/intro_rover_description/share/intro_rover_description/meshes/base_link.STL
[0.624s] -- Installing: /home/Software_Intro_Task_2026-2027/install/intro_rover_description/share/intro_rover_description/meshes/bl_wheel_link.STL
[0.637s] -- Installing: /home/Software_Intro_Task_2026-2027/install/intro_rover_description/share/intro_rover_description/meshes/shoulder_pitch_link.STL
[0.648s] -- Installing: /home/Software_Intro_Task_2026-2027/install/intro_rover_description/share/intro_rover_description/meshes/bl_swerve_yaw_link.STL
[0.651s] -- Installing: /home/Software_Intro_Task_2026-2027/install/intro_rover_description/share/intro_rover_description/meshes/shoulder_yaw_link.STL
[0.662s] -- Installing: /home/Software_Intro_Task_2026-2027/install/intro_rover_description/share/intro_rover_description/meshes/elbow_roll_link.STL
[0.674s] -- Installing: /home/Software_Intro_Task_2026-2027/install/intro_rover_description/share/intro_rover_description/meshes/fr_swerve_yaw_link.STL
[0.677s] -- Up-to-date: /home/Software_Intro_Task_2026-2027/install/intro_rover_description/share/ament_index/resource_index/package_run_dependencies/intro_rover_description
[0.677s] -- Up-to-date: /home/Software_Intro_Task_2026-2027/install/intro_rover_description/share/ament_index/resource_index/parent_prefix_path/intro_rover_description
[0.677s] -- Up-to-date: /home/Software_Intro_Task_2026-2027/install/intro_rover_description/share/intro_rover_description/environment/ament_prefix_path.sh
[0.678s] -- Up-to-date: /home/Software_Intro_Task_2026-2027/install/intro_rover_description/share/intro_rover_description/environment/ament_prefix_path.dsv
[0.678s] -- Up-to-date: /home/Software_Intro_Task_2026-2027/install/intro_rover_description/share/intro_rover_description/environment/path.sh
[0.678s] -- Up-to-date: /home/Software_Intro_Task_2026-2027/install/intro_rover_description/share/intro_rover_description/environment/path.dsv
[0.678s] -- Up-to-date: /home/Software_Intro_Task_2026-2027/install/intro_rover_description/share/intro_rover_description/local_setup.bash
[0.678s] -- Up-to-date: /home/Software_Intro_Task_2026-2027/install/intro_rover_description/share/intro_rover_description/local_setup.sh
[0.678s] -- Up-to-date: /home/Software_Intro_Task_2026-2027/install/intro_rover_description/share/intro_rover_description/local_setup.zsh
[0.679s] -- Up-to-date: /home/Software_Intro_Task_2026-2027/install/intro_rover_description/share/intro_rover_description/local_setup.dsv
[0.679s] -- Installing: /home/Software_Intro_Task_2026-2027/install/intro_rover_description/share/intro_rover_description/package.dsv
[0.679s] -- Up-to-date: /home/Software_Intro_Task_2026-2027/install/intro_rover_description/share/ament_index/resource_index/packages/intro_rover_description
[0.679s] -- Up-to-date: /home/Software_Intro_Task_2026-2027/install/intro_rover_description/share/intro_rover_description/cmake/intro_rover_descriptionConfig.cmake
[0.679s] -- Up-to-date: /home/Software_Intro_Task_2026-2027/install/intro_rover_description/share/intro_rover_description/cmake/intro_rover_descriptionConfig-version.cmake
[0.679s] -- Up-to-date: /home/Software_Intro_Task_2026-2027/install/intro_rover_description/share/intro_rover_description/package.xml
[0.680s] Invoked command in '/home/Software_Intro_Task_2026-2027/build/intro_rover_description' returned '0': CMAKE_PREFIX_PATH=${CMAKE_PREFIX_PATH}:/opt/ros/jazzy /usr/bin/cmake --install /home/Software_Intro_Task_2026-2027/build/intro_rover_description
