[0.012s] Invoking command in '/home/Software_Intro_Task_2026-2027/build/intro_rover_description': CMAKE_PREFIX_PATH=${CMAKE_PREFIX_PATH}:/opt/ros/jazzy /usr/bin/cmake --build /home/Software_Intro_Task_2026-2027/build/intro_rover_description -- -j12 -l12
[0.036s] -- Found ament_cmake: 2.5.6 (/opt/ros/jazzy/share/ament_cmake/cmake)
[0.953s] [31mCMake Error at CMakeLists.txt:12 (find_package):
[0.953s]   By not providing "Finddependency.cmake" in CMAKE_MODULE_PATH this project
[0.953s]   has asked CMake to find a package configuration file provided by
[0.953s]   "dependency", but CMake did not find one.
[0.953s] 
[0.953s]   Could not find a package configuration file provided by "dependency" with
[0.953s]   any of the following names:
[0.953s] 
[0.953s]     dependencyConfig.cmake
[0.953s]     dependency-config.cmake
[0.953s] 
[0.954s]   Add the installation prefix of "dependency" to CMAKE_PREFIX_PATH or set
[0.954s]   "dependency_DIR" to a directory containing one of the above files.  If
[0.954s]   "dependency" provides a separate development package or SDK, be sure it has
[0.954s]   been installed.
[0.954s] 
[0.954s] [0m
[0.954s] -- Configuring incomplete, errors occurred!
[0.955s] gmake: *** [Makefile:226: cmake_check_build_system] Error 1
[0.957s] Invoked command in '/home/Software_Intro_Task_2026-2027/build/intro_rover_description' returned '2': CMAKE_PREFIX_PATH=${CMAKE_PREFIX_PATH}:/opt/ros/jazzy /usr/bin/cmake --build /home/Software_Intro_Task_2026-2027/build/intro_rover_description -- -j12 -l12
