-- Found ament_cmake: 2.5.6 (/opt/ros/jazzy/share/ament_cmake/cmake)
-- Found urdf: 2.10.1 (/opt/ros/jazzy/share/urdf/cmake)
-- Found TinyXML2 via Config file: /usr/lib/x86_64-linux-gnu/cmake/tinyxml2
-- Found ament_lint_auto: 0.17.5 (/opt/ros/jazzy/share/ament_lint_auto/cmake)
-- Added test 'flake8' to check Python code syntax and style conventions
-- Configured 'flake8' exclude dirs and/or files: 
-- Added test 'lint_cmake' to check CMake code style
-- Added test 'pep257' to check Python code against some of the docstring style conventions in PEP 257
-- Added test 'xmllint' to check XML markup files
-- Configuring done (0.4s)
-- Generating done (0.0s)
-- Build files have been written to: /home/Software_Intro_Task_2026-2027/build/intro_rover_description
-- Install configuration: ""
-- Up-to-date: /home/Software_Intro_Task_2026-2027/install/intro_rover_description/share/intro_rover_description/launch
-- Up-to-date: /home/Software_Intro_Task_2026-2027/install/intro_rover_description/share/intro_rover_description/launch/rover_launch.py
-- Up-to-date: /home/Software_Intro_Task_2026-2027/install/intro_rover_description/share/intro_rover_description/urdf
-- Up-to-date: /home/Software_Intro_Task_2026-2027/install/intro_rover_description/share/intro_rover_description/urdf/intro_rover_description.urdf
-- Up-to-date: /home/Software_Intro_Task_2026-2027/install/intro_rover_description/share/ament_index/resource_index/package_run_dependencies/intro_rover_description
-- Up-to-date: /home/Software_Intro_Task_2026-2027/install/intro_rover_description/share/ament_index/resource_index/parent_prefix_path/intro_rover_description
-- Up-to-date: /home/Software_Intro_Task_2026-2027/install/intro_rover_description/share/intro_rover_description/environment/ament_prefix_path.sh
-- Up-to-date: /home/Software_Intro_Task_2026-2027/install/intro_rover_description/share/intro_rover_description/environment/ament_prefix_path.dsv
-- Up-to-date: /home/Software_Intro_Task_2026-2027/install/intro_rover_description/share/intro_rover_description/environment/path.sh
-- Up-to-date: /home/Software_Intro_Task_2026-2027/install/intro_rover_description/share/intro_rover_description/environment/path.dsv
-- Up-to-date: /home/Software_Intro_Task_2026-2027/install/intro_rover_description/share/intro_rover_description/local_setup.bash
-- Up-to-date: /home/Software_Intro_Task_2026-2027/install/intro_rover_description/share/intro_rover_description/local_setup.sh
-- Up-to-date: /home/Software_Intro_Task_2026-2027/install/intro_rover_description/share/intro_rover_description/local_setup.zsh
-- Up-to-date: /home/Software_Intro_Task_2026-2027/install/intro_rover_description/share/intro_rover_description/local_setup.dsv
-- Installing: /home/Software_Intro_Task_2026-2027/install/intro_rover_description/share/intro_rover_description/package.dsv
-- Up-to-date: /home/Software_Intro_Task_2026-2027/install/intro_rover_description/share/ament_index/resource_index/packages/intro_rover_description
-- Up-to-date: /home/Software_Intro_Task_2026-2027/install/intro_rover_description/share/intro_rover_description/cmake/intro_rover_descriptionConfig.cmake
-- Up-to-date: /home/Software_Intro_Task_2026-2027/install/intro_rover_description/share/intro_rover_description/cmake/intro_rover_descriptionConfig-version.cmake
-- Up-to-date: /home/Software_Intro_Task_2026-2027/install/intro_rover_description/share/intro_rover_description/package.xml
