[0.022s] Invoking command in '/home/Software_Intro_Task_2026-2027/build/intro_rover_description': CMAKE_PREFIX_PATH=${CMAKE_PREFIX_PATH}:/opt/ros/jazzy /usr/bin/cmake --build /home/Software_Intro_Task_2026-2027/build/intro_rover_description -- -j12 -l12
[0.193s] Invoked command in '/home/Software_Intro_Task_2026-2027/build/intro_rover_description' returned '0': CMAKE_PREFIX_PATH=${CMAKE_PREFIX_PATH}:/opt/ros/jazzy /usr/bin/cmake --build /home/Software_Intro_Task_2026-2027/build/intro_rover_description -- -j12 -l12
[0.206s] Invoking command in '/home/Software_Intro_Task_2026-2027/build/intro_rover_description': CMAKE_PREFIX_PATH=${CMAKE_PREFIX_PATH}:/opt/ros/jazzy /usr/bin/cmake --install /home/Software_Intro_Task_2026-2027/build/intro_rover_description
[0.215s] -- Install configuration: ""
[0.216s] -- Up-to-date: /home/Software_Intro_Task_2026-2027/install/intro_rover_description/share/intro_rover_description/launch
[0.217s] -- Installing: /home/Software_Intro_Task_2026-2027/install/intro_rover_description/share/intro_rover_description/launch/rover_launch.py
[0.217s] -- Up-to-date: /home/Software_Intro_Task_2026-2027/install/intro_rover_description/share/intro_rover_description/urdf
[0.217s] -- Up-to-date: /home/Software_Intro_Task_2026-2027/install/intro_rover_description/share/intro_rover_description/urdf/intro_rover_description.urdf
[0.218s] -- Up-to-date: /home/Software_Intro_Task_2026-2027/install/intro_rover_description/share/ament_index/resource_index/package_run_dependencies/intro_rover_description
[0.218s] -- Up-to-date: /home/Software_Intro_Task_2026-2027/install/intro_rover_description/share/ament_index/resource_index/parent_prefix_path/intro_rover_description
[0.218s] -- Up-to-date: /home/Software_Intro_Task_2026-2027/install/intro_rover_description/share/intro_rover_description/environment/ament_prefix_path.sh
[0.218s] -- Up-to-date: /home/Software_Intro_Task_2026-2027/install/intro_rover_description/share/intro_rover_description/environment/ament_prefix_path.dsv
[0.218s] -- Up-to-date: /home/Software_Intro_Task_2026-2027/install/intro_rover_description/share/intro_rover_description/environment/path.sh
[0.219s] -- Up-to-date: /home/Software_Intro_Task_2026-2027/install/intro_rover_description/share/intro_rover_description/environment/path.dsv
[0.219s] -- Up-to-date: /home/Software_Intro_Task_2026-2027/install/intro_rover_description/share/intro_rover_description/local_setup.bash
[0.219s] -- Up-to-date: /home/Software_Intro_Task_2026-2027/install/intro_rover_description/share/intro_rover_description/local_setup.sh
[0.219s] -- Up-to-date: /home/Software_Intro_Task_2026-2027/install/intro_rover_description/share/intro_rover_description/local_setup.zsh
[0.219s] -- Up-to-date: /home/Software_Intro_Task_2026-2027/install/intro_rover_description/share/intro_rover_description/local_setup.dsv
[0.219s] -- Installing: /home/Software_Intro_Task_2026-2027/install/intro_rover_description/share/intro_rover_description/package.dsv
[0.219s] -- Up-to-date: /home/Software_Intro_Task_2026-2027/install/intro_rover_description/share/ament_index/resource_index/packages/intro_rover_description
[0.220s] -- Up-to-date: /home/Software_Intro_Task_2026-2027/install/intro_rover_description/share/intro_rover_description/cmake/intro_rover_descriptionConfig.cmake
[0.220s] -- Up-to-date: /home/Software_Intro_Task_2026-2027/install/intro_rover_description/share/intro_rover_description/cmake/intro_rover_descriptionConfig-version.cmake
[0.220s] -- Up-to-date: /home/Software_Intro_Task_2026-2027/install/intro_rover_description/share/intro_rover_description/package.xml
[0.221s] Invoked command in '/home/Software_Intro_Task_2026-2027/build/intro_rover_description' returned '0': CMAKE_PREFIX_PATH=${CMAKE_PREFIX_PATH}:/opt/ros/jazzy /usr/bin/cmake --install /home/Software_Intro_Task_2026-2027/build/intro_rover_description
