-- Install configuration: ""
-- Up-to-date: /home/Software_Intro_Task_2026-2027/install/intro_rover_description/share/intro_rover_description/launch
-- Up-to-date: /home/Software_Intro_Task_2026-2027/install/intro_rover_description/share/intro_rover_description/launch/rover_launch.py
-- Up-to-date: /home/Software_Intro_Task_2026-2027/install/intro_rover_description/share/intro_rover_description/urdf
-- Up-to-date: /home/Software_Intro_Task_2026-2027/install/intro_rover_description/share/intro_rover_description/urdf/intro_rover_description.urdf
-- Up-to-date: /home/Software_Intro_Task_2026-2027/install/intro_rover_description/share/ament_index/resource_index/package_run_dependencies/intro_rover_description
-- Up-to-date: /home/Software_Intro_Task_2026-2027/install/intro_rover_description/share/ament_index/resource_index/parent_prefix_path/intro_rover_description
-- Up-to-date: /home/Software_Intro_Task_2026-2027/install/intro_rover_description/share/intro_rover_description/environment/ament_prefix_path.sh
-- Up-to-date: /home/Software_Intro_Task_2026-2027/install/intro_rover_description/share/intro_rover_description/environment/ament_prefix_path.dsv
-- Up-to-date: /home/Software_Intro_Task_2026-2027/install/intro_rover_description/share/intro_rover_description/environment/path.sh
-- Up-to-date: /home/Software_Intro_Task_2026-2027/install/intro_rover_description/share/intro_rover_description/environment/path.dsv
-- Up-to-date: /home/Software_Intro_Task_2026-2027/install/intro_rover_description/share/intro_rover_description/local_setup.bash
-- Up-to-date: /home/Software_Intro_Task_2026-2027/install/intro_rover_description/share/intro_rover_description/local_setup.sh
-- Up-to-date: /home/Software_Intro_Task_2026-2027/install/intro_rover_description/share/intro_rover_description/local_setup.zsh
-- Up-to-date: /home/Software_Intro_Task_2026-2027/install/intro_rover_description/share/intro_rover_description/local_setup.dsv
-- Installing: /home/Software_Intro_Task_2026-2027/install/intro_rover_description/share/intro_rover_description/package.dsv
-- Up-to-date: /home/Software_Intro_Task_2026-2027/install/intro_rover_description/share/ament_index/resource_index/packages/intro_rover_description
-- Up-to-date: /home/Software_Intro_Task_2026-2027/install/intro_rover_description/share/intro_rover_description/cmake/intro_rover_descriptionConfig.cmake
-- Up-to-date: /home/Software_Intro_Task_2026-2027/install/intro_rover_description/share/intro_rover_description/cmake/intro_rover_descriptionConfig-version.cmake
-- Up-to-date: /home/Software_Intro_Task_2026-2027/install/intro_rover_description/share/intro_rover_description/package.xml
