[0.021s] Invoking command in '/home/Software_Intro_Task_2026-2027/build/intro_rover_description': CMAKE_PREFIX_PATH=${CMAKE_PREFIX_PATH}:/opt/ros/jazzy /usr/bin/cmake /home/Software_Intro_Task_2026-2027/src/intro_rover_description -DCMAKE_INSTALL_PREFIX=/home/Software_Intro_Task_2026-2027/install/intro_rover_description
[0.402s] -- The C compiler identification is GNU 13.3.0
[0.988s] -- The CXX compiler identification is GNU 13.3.0
[1.409s] -- Detecting C compiler ABI info
[1.627s] -- Detecting C compiler ABI info - done
[1.639s] -- Check for working C compiler: /usr/bin/cc - skipped
[1.639s] -- Detecting C compile features
[1.640s] -- Detecting C compile features - done
[1.706s] -- Detecting CXX compiler ABI info
[1.916s] -- Detecting CXX compiler ABI info - done
[1.925s] -- Check for working CXX compiler: /usr/bin/c++ - skipped
[1.925s] -- Detecting CXX compile features
[1.926s] -- Detecting CXX compile features - done
[1.939s] -- Found ament_cmake: 2.5.6 (/opt/ros/jazzy/share/ament_cmake/cmake)
[2.082s] -- Found Python3: /usr/bin/python3 (found version "3.12.3") found components: Interpreter 
[2.211s] -- Found ament_lint_auto: 0.17.5 (/opt/ros/jazzy/share/ament_lint_auto/cmake)
[2.323s] -- Added test 'lint_cmake' to check CMake code style
[2.326s] -- Added test 'xmllint' to check XML markup files
[2.329s] -- Configuring done (2.2s)
[2.334s] -- Generating done (0.0s)
[2.337s] -- Build files have been written to: /home/Software_Intro_Task_2026-2027/build/intro_rover_description
[2.342s] Invoked command in '/home/Software_Intro_Task_2026-2027/build/intro_rover_description' returned '0': CMAKE_PREFIX_PATH=${CMAKE_PREFIX_PATH}:/opt/ros/jazzy /usr/bin/cmake /home/Software_Intro_Task_2026-2027/src/intro_rover_description -DCMAKE_INSTALL_PREFIX=/home/Software_Intro_Task_2026-2027/install/intro_rover_description
[2.343s] Invoking command in '/home/Software_Intro_Task_2026-2027/build/intro_rover_description': CMAKE_PREFIX_PATH=${CMAKE_PREFIX_PATH}:/opt/ros/jazzy /usr/bin/cmake --build /home/Software_Intro_Task_2026-2027/build/intro_rover_description -- -j12 -l12
[2.381s] Invoked command in '/home/Software_Intro_Task_2026-2027/build/intro_rover_description' returned '0': CMAKE_PREFIX_PATH=${CMAKE_PREFIX_PATH}:/opt/ros/jazzy /usr/bin/cmake --build /home/Software_Intro_Task_2026-2027/build/intro_rover_description -- -j12 -l12
[2.390s] Invoking command in '/home/Software_Intro_Task_2026-2027/build/intro_rover_description': CMAKE_PREFIX_PATH=${CMAKE_PREFIX_PATH}:/opt/ros/jazzy /usr/bin/cmake --install /home/Software_Intro_Task_2026-2027/build/intro_rover_description
[2.398s] -- Install configuration: ""
[2.398s] [31mCMake Error at cmake_install.cmake:46 (file):
[2.398s]   file INSTALL cannot find
[2.398s]   "/home/Software_Intro_Task_2026-2027/src/intro_rover_description/launch":
[2.398s]   No such file or directory.
[2.398s] 
[2.398s] [0m
[2.399s] Invoked command in '/home/Software_Intro_Task_2026-2027/build/intro_rover_description' returned '1': CMAKE_PREFIX_PATH=${CMAKE_PREFIX_PATH}:/opt/ros/jazzy /usr/bin/cmake --install /home/Software_Intro_Task_2026-2027/build/intro_rover_description
